// Jest Snapshot v1, https://goo.gl/fbAQLP

exports[`Button component should render correctly 1`] = `
<DocumentFragment>
  <button
    class="sc-bczRLJ gQUVyn"
  >
    AC
  </button>
</DocumentFragment>
`;
